\BOOKMARK [1][-]{section.1}{\376\377\000I\000n\000t\000r\000o\000d\000u\000c\000t\000i\000o\000n}{}% 1
\BOOKMARK [1][-]{section.2}{\376\377\000T\000h\000e\000\040\000K\000e\000r\000n\000e\000l\000\040\000C\000a\000t\000e\000g\000o\000r\000y}{}% 2
\BOOKMARK [2][-]{subsection.2.1}{\376\377\000O\000v\000e\000r\000v\000i\000e\000w}{section.2}% 3
\BOOKMARK [2][-]{subsection.2.2}{\376\377\000O\000b\000j\000e\000c\000t\000s}{section.2}% 4
\BOOKMARK [2][-]{subsection.2.3}{\376\377\000P\000r\000i\000m\000i\000t\000i\000v\000e\000\040\000M\000o\000r\000p\000h\000i\000s\000m\000s}{section.2}% 5
\BOOKMARK [2][-]{subsection.2.4}{\376\377\000S\000u\000b\000c\000a\000t\000e\000g\000o\000r\000i\000e\000s}{section.2}% 6
\BOOKMARK [2][-]{subsection.2.5}{\376\377\000C\000o\000r\000e\000\040\000T\000y\000p\000i\000n\000g\000\040\000T\000h\000e\000o\000r\000e\000m\000s}{section.2}% 7
\BOOKMARK [2][-]{subsection.2.6}{\376\377\000P\000i\000p\000e\000l\000i\000n\000e\000s}{section.2}% 8
\BOOKMARK [2][-]{subsection.2.7}{\376\377\000P\000r\000i\000m\000i\000t\000i\000v\000e\000\040\000P\000h\000a\000s\000e\000\040\000P\000a\000r\000t\000i\000t\000i\000o\000n}{section.2}% 9
\BOOKMARK [2][-]{subsection.2.8}{\376\377\000T\000h\000e\000\040\000N\000o\000-\000R\000e\000t\000u\000r\000n\000\040\000P\000r\000i\000n\000c\000i\000p\000l\000e}{section.2}% 10
\BOOKMARK [2][-]{subsection.2.9}{\376\377\000I\000m\000m\000u\000t\000a\000b\000i\000l\000i\000t\000y\000\040\000o\000f\000\040\000t\000h\000e\000\040\000K\000e\000r\000n\000e\000l}{section.2}% 11
\BOOKMARK [1][-]{section.3}{\376\377\000T\000h\000e\000\040\000R\000e\000d\000u\000c\000e\000d\000\040\000A\000x\000i\000o\000m\000\040\000B\000a\000s\000i\000s}{}% 12
\BOOKMARK [2][-]{subsection.3.1}{\376\377\000F\000r\000o\000m\000\040\0001\0001\000\040\000P\000r\000e\000m\000i\000s\000e\000s\000\040\000t\000o\000\040\0007}{section.3}% 13
\BOOKMARK [2][-]{subsection.3.2}{\376\377\000D\000e\000r\000i\000v\000a\000b\000l\000e\000\040\000T\000h\000e\000o\000r\000e\000m\000s\000\040\000\050\000N\000o\000\040\000L\000o\000n\000g\000e\000r\000\040\000A\000x\000i\000o\000m\000s\000\051}{section.3}% 14
\BOOKMARK [2][-]{subsection.3.3}{\376\377\000C\000o\000r\000e\000\040\000I\000r\000r\000e\000d\000u\000c\000i\000b\000l\000e\000\040\000P\000r\000e\000m\000i\000s\000e\000s}{section.3}% 15
\BOOKMARK [2][-]{subsection.3.4}{\376\377\000I\000n\000t\000e\000r\000a\000c\000t\000i\000o\000n\000\040\000I\000r\000r\000e\000d\000u\000c\000i\000b\000l\000e\000\040\000P\000r\000e\000m\000i\000s\000e\000s}{section.3}% 16
\BOOKMARK [2][-]{subsection.3.5}{\376\377\000S\000o\000u\000r\000c\000e\000\040\000A\000n\000c\000h\000o\000r\000i\000n\000g\000\040\000o\000f\000\040\000E\000x\000t\000e\000r\000n\000a\000l\000\040\000A\000s\000s\000u\000m\000p\000t\000i\000o\000n\000s}{section.3}% 17
\BOOKMARK [2][-]{subsection.3.6}{\376\377\000D\000e\000c\000o\000m\000p\000o\000s\000i\000t\000i\000o\000n\000:\000\040\000S\000k\000e\000l\000e\000t\000o\000n\000\040\000v\000s\000\040\000P\000o\000l\000i\000c\000y\000\040\000R\000e\000s\000i\000d\000u\000e}{section.3}% 18
\BOOKMARK [1][-]{section.4}{\376\377\000R\000e\000d\000u\000c\000t\000i\000o\000n\000\040\000a\000n\000d\000\040\000C\000o\000n\000f\000l\000u\000e\000n\000c\000e}{}% 19
\BOOKMARK [2][-]{subsection.4.1}{\376\377\000O\000v\000e\000r\000v\000i\000e\000w}{section.4}% 20
\BOOKMARK [2][-]{subsection.4.2}{\376\377\000T\000a\000s\000k\000\040\000D\000e\000c\000o\000m\000p\000o\000s\000i\000t\000i\000o\000n\000\040\000G\000r\000a\000m\000m\000a\000r}{section.4}% 21
\BOOKMARK [2][-]{subsection.4.3}{\376\377\000R\000e\000d\000u\000c\000t\000i\000o\000n\000\040\000R\000e\000l\000a\000t\000i\000o\000n\000s}{section.4}% 22
\BOOKMARK [2][-]{subsection.4.4}{\376\377\000N\000o\000r\000m\000a\000l\000\040\000F\000o\000r\000m\000s}{section.4}% 23
\BOOKMARK [2][-]{subsection.4.5}{\376\377\000T\000e\000r\000m\000i\000n\000a\000t\000i\000o\000n}{section.4}% 24
\BOOKMARK [2][-]{subsection.4.6}{\376\377\000L\000o\000c\000a\000l\000\040\000C\000o\000n\000f\000l\000u\000e\000n\000c\000e}{section.4}% 25
\BOOKMARK [2][-]{subsection.4.7}{\376\377\000G\000l\000o\000b\000a\000l\000\040\000C\000o\000n\000f\000l\000u\000e\000n\000c\000e\000\040\000\050\000C\000h\000u\000r\000c\000h\040\023\000R\000o\000s\000s\000e\000r\000\051}{section.4}% 26
\BOOKMARK [2][-]{subsection.4.8}{\376\377\000N\000o\000r\000m\000a\000l\000\040\000F\000o\000r\000m\000\040\000U\000n\000i\000q\000u\000e\000n\000e\000s\000s\000\040\000\050\000C\000o\000r\000r\000e\000c\000t\000e\000d\000\051}{section.4}% 27
\BOOKMARK [2][-]{subsection.4.9}{\376\377\000S\000e\000m\000a\000n\000t\000i\000c\000\040\000C\000o\000r\000r\000e\000c\000t\000n\000e\000s\000s}{section.4}% 28
\BOOKMARK [2][-]{subsection.4.10}{\376\377\000P\000r\000o\000t\000o\000c\000o\000l\000\040\000N\000o\000r\000m\000a\000l\000\040\000F\000o\000r\000m\000\040\000T\000h\000e\000o\000r\000e\000m}{section.4}% 29
\BOOKMARK [1][-]{section.5}{\376\377\000D\000e\000n\000o\000t\000a\000t\000i\000o\000n\000a\000l\000\040\000a\000n\000d\000\040\000O\000p\000e\000r\000a\000t\000i\000o\000n\000a\000l\000\040\000S\000e\000m\000a\000n\000t\000i\000c\000s}{}% 30
\BOOKMARK [2][-]{subsection.5.1}{\376\377\000O\000v\000e\000r\000v\000i\000e\000w}{section.5}% 31
\BOOKMARK [2][-]{subsection.5.2}{\376\377\000T\000h\000e\000\040\000G\000r\000o\000t\000h\000e\000n\000d\000i\000e\000c\000k\000\040\000C\000o\000n\000s\000t\000r\000u\000c\000t\000i\000o\000n}{section.5}% 32
\BOOKMARK [2][-]{subsection.5.3}{\376\377\000L\000e\000a\000n\000\040\000C\000o\000r\000r\000e\000c\000t\000i\000o\000n\000:\000\040\000R\000e\000d\000u\000c\000t\000i\000o\000n\000\040\000A\000c\000t\000s\000\040\000o\000n\000\040\000O\000b\000j\000e\000c\000t\000s}{section.5}% 33
\BOOKMARK [2][-]{subsection.5.4}{\376\377\000S\000e\000m\000a\000n\000t\000i\000c\000\040\000F\000u\000n\000c\000t\000i\000o\000n\000s}{section.5}% 34
\BOOKMARK [2][-]{subsection.5.5}{\376\377\000R\000u\000n\000s\000\040\000a\000n\000d\000\040\000T\000r\000a\000j\000e\000c\000t\000o\000r\000i\000e\000s}{section.5}% 35
\BOOKMARK [2][-]{subsection.5.6}{\376\377\000T\000h\000e\000\040\000r\000u\000n\000T\000o\000O\000m\000e\000g\000a\000\040\000B\000i\000j\000e\000c\000t\000i\000o\000n}{section.5}% 36
\BOOKMARK [2][-]{subsection.5.7}{\376\377\000D\000e\000n\000o\000t\000a\000t\000i\000o\000n\000a\000l\000\040\000S\000e\000m\000a\000n\000t\000i\000c\000s\000\040\000o\000f\000\040\000P\000i\000p\000e\000l\000i\000n\000e\000s}{section.5}% 37
\BOOKMARK [2][-]{subsection.5.8}{\376\377\000N\000a\000v\000i\000g\000a\000t\000i\000o\000n\000\040\000L\000a\000y\000e\000r}{section.5}% 38
\BOOKMARK [2][-]{subsection.5.9}{\376\377\000I\000m\000m\000u\000t\000a\000b\000i\000l\000i\000t\000y\000\040\000o\000f\000\040\000P\000i\000p\000e\000l\000i\000n\000e\000s}{section.5}% 39
\BOOKMARK [1][-]{section.6}{\376\377\000D\000y\000n\000a\000m\000i\000c\000\040\000a\000n\000d\000\040\000P\000r\000o\000b\000a\000b\000i\000l\000i\000s\000t\000i\000c\000\040\000L\000a\000y\000e\000r}{}% 40
\BOOKMARK [2][-]{subsection.6.1}{\376\377\000O\000v\000e\000r\000v\000i\000e\000w}{section.6}% 41
\BOOKMARK [2][-]{subsection.6.2}{\376\377\000E\000p\000i\000s\000t\000e\000m\000i\000c\000\040\000S\000t\000a\000t\000e}{section.6}% 42
\BOOKMARK [2][-]{subsection.6.3}{\376\377\000D\000e\000g\000r\000a\000d\000a\000t\000i\000o\000n}{section.6}% 43
\BOOKMARK [2][-]{subsection.6.4}{\376\377\000E\000n\000t\000r\000o\000p\000y\000\040\000D\000r\000i\000f\000t}{section.6}% 44
\BOOKMARK [2][-]{subsection.6.5}{\376\377\000S\000t\000o\000p\000p\000i\000n\000g\000\040\000T\000i\000m\000e\000s}{section.6}% 45
\BOOKMARK [2][-]{subsection.6.6}{\376\377\000F\000i\000v\000e\000\040\000P\000r\000o\000v\000e\000n\000\040\000P\000r\000o\000b\000a\000b\000i\000l\000i\000t\000y\000\040\000T\000h\000e\000o\000r\000e\000m\000s}{section.6}% 46
\BOOKMARK [2][-]{subsection.6.7}{\376\377\000S\000a\000f\000e\000\040\000H\000o\000r\000i\000z\000o\000n}{section.6}% 47
\BOOKMARK [2][-]{subsection.6.8}{\376\377\000T\000a\000c\000i\000t\000\040\000I\000r\000r\000e\000v\000e\000r\000s\000i\000b\000i\000l\000i\000t\000y}{section.6}% 48
\BOOKMARK [1][-]{section.7}{\376\377\000C\000o\000l\000l\000e\000c\000t\000i\000v\000e\000\040\000a\000n\000d\000\040\000G\000o\000v\000e\000r\000n\000a\000n\000c\000e\000\040\000L\000a\000y\000e\000r}{}% 49
\BOOKMARK [2][-]{subsection.7.1}{\376\377\000O\000v\000e\000r\000v\000i\000e\000w}{section.7}% 50
\BOOKMARK [2][-]{subsection.7.2}{\376\377\000E\000p\000i\000s\000t\000e\000m\000i\000c\000\040\000A\000l\000g\000e\000b\000r\000a}{section.7}% 51
\BOOKMARK [2][-]{subsection.7.3}{\376\377\000I\000n\000s\000t\000i\000t\000u\000t\000i\000o\000n\000a\000l\000\040\000L\000a\000y\000e\000r}{section.7}% 52
\BOOKMARK [2][-]{subsection.7.4}{\376\377\000C\000o\000n\000s\000e\000n\000s\000u\000s\000\040\000I\000m\000p\000o\000s\000s\000i\000b\000i\000l\000i\000t\000y}{section.7}% 53
\BOOKMARK [2][-]{subsection.7.5}{\376\377\000G\000o\000v\000e\000r\000n\000a\000n\000c\000e\000\040\000F\000r\000a\000m\000e\000w\000o\000r\000k}{section.7}% 54
\BOOKMARK [2][-]{subsection.7.6}{\376\377\000S\000t\000e\000p\000\040\000C\000o\000m\000p\000a\000t\000i\000b\000i\000l\000i\000t\000y}{section.7}% 55
\BOOKMARK [2][-]{subsection.7.7}{\376\377\000G\000o\000v\000e\000r\000n\000a\000n\000c\000e\000\040\000S\000a\000f\000e\000\040\000E\000x\000t\000e\000n\000s\000i\000o\000n\000\040\000T\000h\000e\000o\000r\000e\000m}{section.7}% 56
\BOOKMARK [2][-]{subsection.7.8}{\376\377\000E\000n\000t\000r\000o\000p\000y\000\040\000D\000r\000i\000f\000t\000\040\000i\000n\000\040\000C\000o\000l\000l\000e\000c\000t\000i\000v\000e\000\040\000S\000e\000t\000t\000i\000n\000g\000s}{section.7}% 57
\BOOKMARK [2][-]{subsection.7.9}{\376\377\000P\000o\000l\000i\000c\000y\000\040\000R\000e\000s\000i\000d\000u\000e\000\040\000i\000n\000\040\000t\000h\000e\000\040\000C\000o\000l\000l\000e\000c\000t\000i\000v\000e\000\040\000L\000a\000y\000e\000r}{section.7}% 58
\BOOKMARK [1][-]{section.8}{\376\377\000N\000o\000v\000e\000l\000\040\000R\000e\000s\000u\000l\000t\000s\000\040\000f\000r\000o\000m\000\040\000F\000o\000r\000m\000a\000l\000i\000z\000a\000t\000i\000o\000n}{}% 59
\BOOKMARK [2][-]{subsection.8.1}{\376\377\000O\000v\000e\000r\000v\000i\000e\000w}{section.8}% 60
\BOOKMARK [2][-]{subsection.8.2}{\376\377\000N\000o\000v\000e\000l\000\040\000T\000h\000e\000o\000r\000e\000m\000\040\0001\000:\000\040\000F\000i\000r\000s\000t\000\040\000U\000n\000r\000e\000s\000o\000l\000v\000e\000d\000\040\000W\000i\000t\000n\000e\000s\000s}{section.8}% 61
\BOOKMARK [2][-]{subsection.8.3}{\376\377\000N\000o\000v\000e\000l\000\040\000T\000h\000e\000o\000r\000e\000m\000\040\0002\000:\000\040\000G\000o\000v\000e\000r\000n\000a\000n\000c\000e\000\040\000S\000a\000f\000e\000\040\000E\000x\000t\000e\000n\000s\000i\000o\000n}{section.8}% 62
\BOOKMARK [2][-]{subsection.8.4}{\376\377\000N\000o\000v\000e\000l\000\040\000T\000h\000e\000o\000r\000e\000m\000\040\0003\000:\000\040\000P\000r\000o\000t\000o\000c\000o\000l\000\040\000N\000o\000r\000m\000a\000l\000\040\000F\000o\000r\000m}{section.8}% 63
\BOOKMARK [2][-]{subsection.8.5}{\376\377\000D\000i\000r\000e\000c\000t\000\040\000C\000o\000n\000s\000e\000q\000u\000e\000n\000c\000e\000s\000\040\000o\000f\000\040\000t\000h\000e\000\040\000R\000e\000d\000u\000c\000e\000d\000\040\000B\000a\000s\000i\000s}{section.8}% 64
\BOOKMARK [2][-]{subsection.8.6}{\376\377\000N\000o\000v\000e\000l\000t\000y\000\040\000C\000l\000a\000s\000s\000i\000f\000i\000c\000a\000t\000i\000o\000n}{section.8}% 65
\BOOKMARK [2][-]{subsection.8.7}{\376\377\000O\000p\000e\000n\000\040\000Q\000u\000e\000s\000t\000i\000o\000n\000s}{section.8}% 66
