\BOOKMARK [1][]{section.1}{\376\377\000I\000n\000t\000r\000o\000d\000u\000c\000t\000i\000o\000n}{}% 1
\BOOKMARK [2][]{subsection.1.1}{\376\377\000S\000c\000o\000p\000e\000\040\000o\000f\000\040\000n\000o\000v\000e\000l\000t\000y\000.}{section.1}% 2
\BOOKMARK [2][]{subsection.1.2}{\376\377\000F\000R\000F\000P\000\040\000a\000r\000c\000h\000i\000t\000e\000c\000t\000u\000r\000e\000\040\000o\000v\000e\000r\000v\000i\000e\000w}{section.1}% 3
\BOOKMARK [2][]{subsection.1.3}{\376\377\000I\000n\000t\000e\000n\000d\000e\000d\000\040\000a\000u\000d\000i\000e\000n\000c\000e\000s\000\040\000a\000n\000d\000\040\000r\000e\000a\000d\000i\000n\000g\000\040\000p\000a\000t\000h\000s\000.}{section.1}% 4
\BOOKMARK [2][]{subsection.1.4}{\376\377\000C\000o\000n\000t\000r\000i\000b\000u\000t\000i\000o\000n\000s}{section.1}% 5
\BOOKMARK [2][]{subsection.1.5}{\376\377\000R\000e\000l\000a\000t\000e\000d\000\040\000W\000o\000r\000k}{section.1}% 6
\BOOKMARK [3][]{subsubsection.1.5.1}{\376\377\000I\000n\000t\000e\000r\000a\000c\000t\000i\000v\000e\000\040\000p\000r\000o\000o\000f\000,\000\040\000t\000y\000p\000e\000\040\000t\000h\000e\000o\000r\000y\000,\000\040\000a\000n\000d\000\040\000m\000e\000c\000h\000a\000n\000i\000s\000e\000d\000\040\000r\000e\000a\000s\000o\000n\000i\000n\000g\000.}{subsection.1.5}% 7
\BOOKMARK [3][]{subsubsection.1.5.2}{\376\377\000C\000a\000t\000e\000g\000o\000r\000y\000\040\000t\000h\000e\000o\000r\000y\000\040\000a\000n\000d\000\040\000c\000a\000t\000e\000g\000o\000r\000i\000c\000a\000l\000\040\000s\000e\000m\000a\000n\000t\000i\000c\000s\000.}{subsection.1.5}% 8
\BOOKMARK [3][]{subsubsection.1.5.3}{\376\377\000R\000e\000w\000r\000i\000t\000i\000n\000g\000,\000\040\000c\000o\000n\000f\000l\000u\000e\000n\000c\000e\000,\000\040\000a\000n\000d\000\040\000c\000a\000n\000o\000n\000i\000c\000a\000l\000\040\000f\000o\000r\000m\000s\000.}{subsection.1.5}% 9
\BOOKMARK [3][]{subsubsection.1.5.4}{\376\377\000H\000C\000I\000-\000s\000t\000y\000l\000e\000\040\000h\000u\000m\000a\000n\040\023\000A\000I\000\040\000i\000n\000t\000e\000r\000a\000c\000t\000i\000o\000n\000\040\000a\000n\000d\000\040\000a\000p\000p\000r\000o\000p\000r\000i\000a\000t\000e\000\040\000r\000e\000l\000i\000a\000n\000c\000e\000.}{subsection.1.5}% 10
\BOOKMARK [3][]{subsubsection.1.5.5}{\376\377\000A\000I\000\040\000s\000a\000f\000e\000t\000y\000\040\000g\000o\000v\000e\000r\000n\000a\000n\000c\000e\000,\000\040\000r\000i\000s\000k\000\040\000c\000o\000m\000m\000i\000t\000t\000e\000e\000s\000,\000\040\000a\000n\000d\000\040\000e\000v\000a\000l\000u\000a\000t\000i\000o\000n\000\040\000p\000r\000o\000t\000o\000c\000o\000l\000s\000.}{subsection.1.5}% 11
\BOOKMARK [3][]{subsubsection.1.5.6}{\376\377\000E\000p\000i\000s\000t\000e\000m\000i\000c\000\040\000m\000o\000d\000e\000l\000s\000\040\000o\000f\000\040\000s\000c\000i\000e\000n\000t\000i\000f\000i\000c\000\040\000c\000o\000m\000m\000u\000n\000i\000t\000i\000e\000s\000.}{subsection.1.5}% 12
\BOOKMARK [3][]{subsubsection.1.5.7}{\376\377\000H\000a\000l\000l\000u\000c\000i\000n\000a\000t\000i\000o\000n\000,\000\040\000c\000a\000l\000i\000b\000r\000a\000t\000i\000o\000n\000,\000\040\000a\000n\000d\000\040\000u\000n\000c\000e\000r\000t\000a\000i\000n\000t\000y\000\040\000i\000n\000\040\000l\000a\000n\000g\000u\000a\000g\000e\000\040\000m\000o\000d\000e\000l\000s\000.}{subsection.1.5}% 13
\BOOKMARK [3][]{subsubsection.1.5.8}{\376\377\000H\000u\000m\000a\000n\040\023\000A\000I\000\040\000c\000o\000l\000l\000a\000b\000o\000r\000a\000t\000i\000o\000n\000\040\000a\000n\000d\000\040\000p\000r\000o\000t\000o\000c\000o\000l\000\040\000d\000e\000s\000i\000g\000n\000.}{subsection.1.5}% 14
\BOOKMARK [1][]{section.2}{\376\377\000I\000n\000t\000e\000r\000a\000c\000t\000i\000o\000n\000\040\000P\000r\000o\000t\000o\000c\000o\000l\000s}{}% 15
\BOOKMARK [2][]{subsection.2.1}{\376\377\000I\000n\000t\000e\000r\000a\000c\000t\000i\000o\000n\000\040\000T\000r\000a\000c\000e\000s}{section.2}% 16
\BOOKMARK [2][]{subsection.2.2}{\376\377\000I\000n\000t\000e\000r\000a\000c\000t\000i\000o\000n\000\040\000C\000o\000n\000s\000t\000r\000a\000i\000n\000t\000s}{section.2}% 17
\BOOKMARK [1][]{section.3}{\376\377\000E\000p\000i\000s\000t\000e\000m\000i\000c\000\040\000S\000p\000a\000c\000e\000s}{}% 18
\BOOKMARK [2][]{subsection.3.1}{\376\377\000A\000m\000b\000i\000e\000n\000t\000\040\000C\000a\000t\000e\000g\000o\000r\000y\000\040\000a\000n\000d\000\040\000E\000x\000p\000l\000i\000c\000i\000t\040\023\000T\000a\000c\000i\000t\000\040\000S\000e\000p\000a\000r\000a\000t\000i\000o\000n}{section.3}% 19
\BOOKMARK [2][]{subsection.3.2}{\376\377\000E\000x\000p\000l\000i\000c\000i\000t\000\040\000a\000n\000d\000\040\000T\000a\000c\000i\000t\000\040\000P\000r\000i\000m\000i\000t\000i\000v\000e\000s}{section.3}% 20
\BOOKMARK [2][]{subsection.3.3}{\376\377\000C\000o\000r\000r\000e\000c\000t\000n\000e\000s\000s\000\040\000i\000n\000\040\000T\000a\000c\000i\000t\000\040\000S\000p\000a\000c\000e}{section.3}% 21
\BOOKMARK [2][]{subsection.3.4}{\376\377\000U\000n\000i\000q\000u\000e\000n\000e\000s\000s\000\040\000o\000f\000\040\000t\000h\000e\000\040\000F\000R\000F\000P\000\040\000E\000p\000i\000s\000t\000e\000m\000i\000c\000\040\000O\000n\000t\000o\000l\000o\000g\000y}{section.3}% 22
\BOOKMARK [1][]{section.4}{\376\377\000E\000p\000i\000s\000t\000e\000m\000i\000c\000\040\000A\000l\000g\000e\000b\000r\000a}{}% 23
\BOOKMARK [2][]{subsection.4.1}{\376\377\000T\000a\000s\000k\000\040\000D\000e\000c\000o\000m\000p\000o\000s\000i\000t\000i\000o\000n\000\040\000G\000r\000a\000m\000m\000a\000r}{section.4}% 24
\BOOKMARK [2][]{subsection.4.2}{\376\377\000N\000a\000v\000i\000g\000a\000t\000i\000o\000n\000\040\000G\000r\000o\000u\000p\000o\000i\000d}{section.4}% 25
\BOOKMARK [2][]{subsection.4.3}{\376\377\000S\000e\000m\000i\000d\000i\000r\000e\000c\000t\000\040\000P\000r\000o\000d\000u\000c\000t\000\040\000N\000\040\042\311\000\040\000E}{section.4}% 26
\BOOKMARK [2][]{subsection.4.4}{\376\377\000C\000o\000n\000f\000l\000u\000e\000n\000c\000e\000,\000\040\000N\000o\000r\000m\000a\000l\000\040\000F\000o\000r\000m\000s\000,\000\040\000a\000n\000d\000\040\000D\000e\000c\000i\000d\000a\000b\000i\000l\000i\000t\000y}{section.4}% 27
\BOOKMARK [2][]{subsection.4.5}{\376\377\000S\000e\000m\000a\000n\000t\000i\000c\000\040\000C\000o\000r\000r\000e\000c\000t\000n\000e\000s\000s\000\040\000a\000n\000d\000\040\000I\000n\000v\000a\000r\000i\000a\000n\000c\000e}{section.4}% 28
\BOOKMARK [3][]{subsubsection.4.5.1}{\376\377\000S\000e\000m\000a\000n\000t\000i\000c\000\040\000F\000u\000n\000c\000t\000o\000r\000\040\000a\000n\000d\000\040\000O\000b\000s\000e\000r\000v\000a\000b\000l\000e\000\040\000C\000o\000r\000r\000e\000c\000t\000n\000e\000s\000s}{subsection.4.5}% 29
\BOOKMARK [3][]{subsubsection.4.5.2}{\376\377\000C\000a\000n\000o\000n\000i\000c\000a\000l\000\040\000C\000o\000r\000r\000e\000c\000t\000n\000e\000s\000s\000\040\000F\000o\000r\000m}{subsection.4.5}% 30
\BOOKMARK [1][]{section.5}{\376\377\000E\000p\000i\000s\000t\000e\000m\000i\000c\000\040\000D\000y\000n\000a\000m\000i\000c\000s}{}% 31
\BOOKMARK [2][]{subsection.5.1}{\376\377\000T\000a\000c\000i\000t\000\040\000C\000o\000n\000t\000e\000x\000t\000,\000\040\000D\000e\000g\000r\000a\000d\000a\000t\000i\000o\000n\000,\000\040\000a\000n\000d\000\040\000R\000e\000q\000u\000i\000r\000e\000m\000e\000n\000t\000s}{section.5}% 32
\BOOKMARK [2][]{subsection.5.2}{\376\377\000E\000p\000i\000s\000t\000e\000m\000i\000c\000\040\000d\000e\000g\000r\000a\000d\000a\000t\000i\000o\000n\000\040\000u\000n\000d\000e\000r\000\040\000l\000o\000n\000g\000-\000r\000u\000n\000\040\000A\000I\000\040\000a\000s\000s\000i\000s\000t\000a\000n\000c\000e}{section.5}% 33
\BOOKMARK [2][]{subsection.5.3}{\376\377\000P\000i\000p\000e\000l\000i\000n\000e\000\040\000T\000r\000a\000n\000s\000f\000o\000r\000m\000e\000r\000s\000\040\000a\000n\000d\000\040\000R\000u\000n\000s}{section.5}% 34
\BOOKMARK [2][]{subsection.5.4}{\376\377\000B\000a\000s\000e\000l\000i\000n\000e\000\040\000H\000a\000l\000l\000u\000c\000i\000n\000a\000t\000i\000o\000n\000\040\000I\000n\000e\000v\000i\000t\000a\000b\000i\000l\000i\000t\000y}{section.5}% 35
\BOOKMARK [2][]{subsection.5.5}{\376\377\000C\000o\000n\000f\000i\000d\000e\000n\000c\000e\000,\000\040\000R\000e\000q\000u\000i\000r\000e\000m\000e\000n\000t\000\040\000E\000s\000c\000a\000l\000a\000t\000i\000o\000n\000,\000\040\000a\000n\000d\000\040\000F\000e\000e\000d\000b\000a\000c\000k}{section.5}% 36
\BOOKMARK [2][]{subsection.5.6}{\376\377\000S\000t\000o\000c\000h\000a\000s\000t\000i\000c\000\040\000P\000i\000p\000e\000l\000i\000n\000e\000s\000,\000\040\000E\000n\000s\000e\000m\000b\000l\000e\000s\000,\000\040\000a\000n\000d\000\040\000F\000i\000n\000i\000t\000e\000\040\000H\000o\000r\000i\000z\000o\000n\000s}{section.5}% 37
\BOOKMARK [2][]{subsection.5.7}{\376\377\000I\000m\000p\000l\000i\000c\000a\000t\000i\000o\000n\000s}{section.5}% 38
\BOOKMARK [1][]{section.6}{\376\377\000C\000o\000l\000l\000e\000c\000t\000i\000v\000e\000\040\000E\000p\000i\000s\000t\000e\000m\000i\000c\000\040\000D\000y\000n\000a\000m\000i\000c\000s}{}% 39
\BOOKMARK [2][]{subsection.6.1}{\376\377\000F\000r\000o\000m\000\040\000S\000i\000n\000g\000l\000e\000\040\000P\000i\000p\000e\000l\000i\000n\000e\000s\000\040\000t\000o\000\040\000E\000p\000i\000s\000t\000e\000m\000i\000c\000\040\000P\000o\000p\000u\000l\000a\000t\000i\000o\000n\000s}{section.6}% 40
\BOOKMARK [2][]{subsection.6.2}{\376\377\000C\000o\000l\000l\000e\000c\000t\000i\000v\000e\000\040\000D\000y\000n\000a\000m\000i\000c\000s\000\040\000a\000s\000\040\000a\000\040\000M\000a\000r\000k\000o\000v\000\040\000S\000y\000s\000t\000e\000m}{section.6}% 41
\BOOKMARK [2][]{subsection.6.3}{\376\377\000C\000o\000l\000l\000e\000c\000t\000i\000v\000e\000\040\000H\000a\000l\000l\000u\000c\000i\000n\000a\000t\000i\000o\000n\000\040\000a\000n\000d\000\040\000I\000t\000s\000\040\000I\000n\000e\000v\000i\000t\000a\000b\000i\000l\000i\000t\000y}{section.6}% 42
\BOOKMARK [2][]{subsection.6.4}{\376\377\000C\000o\000n\000s\000e\000n\000s\000u\000s\000\040\000M\000e\000c\000h\000a\000n\000i\000s\000m\000s\000\040\000a\000s\000\040\000E\000x\000p\000l\000i\000c\000i\000t\000-\000O\000n\000l\000y\000\040\000F\000u\000n\000c\000t\000o\000r\000s}{section.6}% 43
\BOOKMARK [2][]{subsection.6.5}{\376\377\000S\000t\000r\000u\000c\000t\000u\000r\000a\000l\000\040\000N\000o\000t\000i\000o\000n\000s\000\040\000a\000t\000\040\000t\000h\000e\000\040\000C\000o\000l\000l\000e\000c\000t\000i\000v\000e\000\040\000L\000e\000v\000e\000l}{section.6}% 44
\BOOKMARK [2][]{subsection.6.6}{\376\377\000C\000o\000n\000n\000e\000c\000t\000i\000o\000n\000s\000\040\000t\000o\000\040\000E\000x\000a\000m\000p\000l\000e\000\040\000D\000o\000m\000a\000i\000n\000s\000\040\000a\000n\000d\000\040\000L\000o\000c\000a\000l\000\040\000I\000n\000t\000e\000r\000v\000e\000n\000t\000i\000o\000n\000s}{section.6}% 45
\BOOKMARK [1][]{section.7}{\376\377\000S\000t\000r\000u\000c\000t\000u\000r\000a\000l\000\040\000L\000i\000m\000i\000t\000s\000\040\000o\000f\000\040\000E\000x\000p\000l\000i\000c\000i\000t\000\040\000M\000e\000c\000h\000a\000n\000i\000s\000m\000s}{}% 46
\BOOKMARK [2][]{subsection.7.1}{\376\377\000D\000y\000n\000a\000m\000i\000c\000\040\000Q\000u\000a\000n\000t\000i\000t\000i\000e\000s\000\040\000a\000n\000d\000\040\000L\000o\000n\000g\000-\000H\000o\000r\000i\000z\000o\000n\000\040\000B\000e\000h\000a\000v\000i\000o\000u\000r}{section.7}% 47
\BOOKMARK [2][]{subsection.7.2}{\376\377\000P\000o\000p\000u\000l\000a\000t\000i\000o\000n\000-\000L\000e\000v\000e\000l\000\040\000D\000y\000n\000a\000m\000i\000c\000s\000\040\000a\000n\000d\000\040\000C\000o\000n\000s\000e\000n\000s\000u\000s}{section.7}% 48
\BOOKMARK [2][]{subsection.7.3}{\376\377\000T\000a\000c\000i\000t\000\040\000D\000e\000p\000e\000n\000d\000e\000n\000c\000e\000\040\000a\000n\000d\000\040\000E\000x\000p\000l\000i\000c\000i\000t\000-\000O\000n\000l\000y\000\040\000M\000e\000c\000h\000a\000n\000i\000s\000m\000s}{section.7}% 49
\BOOKMARK [2][]{subsection.7.4}{\376\377\000C\000o\000n\000s\000e\000q\000u\000e\000n\000c\000e\000s\000\040\000f\000o\000r\000\040\000D\000e\000t\000e\000c\000t\000i\000o\000n\000,\000\040\000E\000l\000i\000m\000i\000n\000a\000t\000i\000o\000n\000,\000\040\000a\000n\000d\000\040\000C\000o\000n\000s\000e\000n\000s\000u\000s}{section.7}% 50
\BOOKMARK [2][]{subsection.7.5}{\376\377\000I\000m\000p\000l\000i\000c\000a\000t\000i\000o\000n\000s\000\040\000f\000o\000r\000\040\000D\000e\000s\000i\000g\000n\000\040\000a\000n\000d\000\040\000G\000o\000v\000e\000r\000n\000a\000n\000c\000e}{section.7}% 51
\BOOKMARK [1][]{section.8}{\376\377\000I\000n\000s\000t\000i\000t\000u\000t\000i\000o\000n\000s\000\040\000f\000o\000r\000\040\000L\000o\000n\000g\000-\000H\000o\000r\000i\000z\000o\000n\000\040\000H\000u\000m\000a\000n\040\023\000A\000I\000\040\000C\000o\000l\000l\000a\000b\000o\000r\000a\000t\000i\000o\000n}{}% 52
\BOOKMARK [2][]{subsection.8.1}{\376\377\000F\000r\000o\000m\000\040\000I\000n\000d\000i\000v\000i\000d\000u\000a\000l\000\040\000A\000g\000e\000n\000t\000s\000\040\000t\000o\000\040\000E\000p\000i\000s\000t\000e\000m\000i\000c\000\040\000P\000o\000p\000u\000l\000a\000t\000i\000o\000n\000s}{section.8}% 53
\BOOKMARK [2][]{subsection.8.2}{\376\377\000R\000e\000p\000l\000i\000c\000a\000t\000i\000o\000n\000\040\000a\000n\000d\000\040\000P\000o\000p\000u\000l\000a\000t\000i\000o\000n\000-\000L\000e\000v\000e\000l\000\040\000S\000e\000m\000a\000n\000t\000i\000c\000s}{section.8}% 54
\BOOKMARK [2][]{subsection.8.3}{\376\377\000I\000n\000s\000t\000i\000t\000u\000t\000i\000o\000n\000s\000\040\000a\000s\000\040\000A\000g\000g\000r\000e\000g\000a\000t\000o\000r\000s\000\040\000o\000v\000e\000r\000\040\000T\000a\000c\000i\000t\000\040\000J\000u\000d\000g\000m\000e\000n\000t\000s}{section.8}% 55
\BOOKMARK [2][]{subsection.8.4}{\376\377\000W\000h\000y\000\040\000I\000n\000s\000t\000i\000t\000u\000t\000i\000o\000n\000s\000\040\000C\000a\000n\000n\000o\000t\000\040\000B\000e\000\040\000F\000u\000l\000l\000y\000\040\000A\000u\000t\000o\000m\000a\000t\000e\000d}{section.8}% 56
\BOOKMARK [1][]{section.9}{\376\377\000G\000o\000v\000e\000r\000n\000a\000n\000c\000e\000,\000\040\000L\000a\000w\000,\000\040\000a\000n\000d\000\040\000O\000v\000e\000r\000s\000i\000g\000h\000t}{}% 57
\BOOKMARK [2][]{subsection.9.1}{\376\377\000G\000o\000v\000e\000r\000n\000a\000n\000c\000e\000\040\000a\000s\000\040\000a\000\040\000M\000e\000t\000a\000-\000I\000n\000s\000t\000i\000t\000u\000t\000i\000o\000n}{section.9}% 58
\BOOKMARK [2][]{subsection.9.2}{\376\377\000E\000x\000p\000l\000i\000c\000i\000t\000-\000O\000n\000l\000y\000\040\000G\000o\000v\000e\000r\000n\000a\000n\000c\000e\000\040\000a\000n\000d\000\040\000I\000t\000s\000\040\000L\000i\000m\000i\000t\000s}{section.9}% 59
\BOOKMARK [2][]{subsection.9.3}{\376\377\000L\000a\000w\000\040\000a\000s\000\040\000a\000\040\000C\000o\000n\000s\000t\000r\000a\000i\000n\000t\000\040\000o\000n\000\040\000G\000o\000v\000e\000r\000n\000a\000n\000c\000e}{section.9}% 60
\BOOKMARK [2][]{subsection.9.4}{\376\377\000H\000u\000m\000a\000n\000\040\000O\000v\000e\000r\000s\000i\000g\000h\000t\000\040\000a\000s\000\040\000a\000\040\000S\000t\000r\000u\000c\000t\000u\000r\000a\000l\000\040\000R\000e\000q\000u\000i\000r\000e\000m\000e\000n\000t}{section.9}% 61
\BOOKMARK [1][]{section.10}{\376\377\000D\000i\000s\000c\000u\000s\000s\000i\000o\000n\000\040\000a\000n\000d\000\040\000O\000u\000t\000l\000o\000o\000k}{}% 62
\BOOKMARK [2][]{subsection.10.1}{\376\377\000D\000e\000s\000i\000g\000n\000\040\000I\000m\000p\000l\000i\000c\000a\000t\000i\000o\000n\000s}{section.10}% 63
\BOOKMARK [2][]{subsection.10.2}{\376\377\000F\000R\000F\000P\000\040\000a\000s\000\040\000a\000\040\000f\000o\000r\000m\000a\000l\000i\000z\000a\000t\000i\000o\000n\000\040\000o\000f\000\040\000t\000h\000e\000\040\000s\000c\000i\000e\000n\000t\000i\000f\000i\000c\000\040\000m\000e\000t\000h\000o\000d}{section.10}% 64
\BOOKMARK [2][]{subsection.10.3}{\376\377\000L\000i\000m\000i\000t\000a\000t\000i\000o\000n\000s\000\040\000a\000n\000d\000\040\000s\000c\000o\000p\000e}{section.10}% 65
\BOOKMARK [2][]{subsection.10.4}{\376\377\000F\000u\000t\000u\000r\000e\000\040\000D\000i\000r\000e\000c\000t\000i\000o\000n\000s}{section.10}% 66
\BOOKMARK [1][]{section.11}{\376\377\000A\000l\000t\000e\000r\000n\000a\000t\000i\000v\000e\000\040\000f\000o\000r\000m\000a\000l\000i\000s\000m\000s}{}% 67
\BOOKMARK [2][]{subsection.11.1}{\376\377\000T\000h\000e\000\040\000d\000e\000s\000i\000g\000n\000\040\000s\000p\000a\000c\000e\000:\000\040\000w\000h\000a\000t\000\040\000v\000a\000r\000i\000e\000s\000\040\000a\000c\000r\000o\000s\000s\000\040\000a\000r\000c\000h\000i\000t\000e\000c\000t\000u\000r\000e\000s}{section.11}% 68
\BOOKMARK [2][]{subsection.11.2}{\376\377\000A\000r\000c\000h\000i\000t\000e\000c\000t\000u\000r\000e\000s\000\040\000t\000h\000a\000t\000\040\000d\000o\000\040\000n\000o\000t\000\040\000r\000e\000d\000u\000c\000e\000\040\000t\000o\000\040\000F\000R\000F\000P}{section.11}% 69
\BOOKMARK [2][]{subsection.11.3}{\376\377\000W\000h\000i\000c\000h\000\040\000a\000l\000t\000e\000r\000n\000a\000t\000i\000v\000e\000s\000\040\000c\000a\000n\000\040\000b\000e\000\040\000v\000i\000e\000w\000e\000d\000\040\000a\000s\000\040\000g\000e\000n\000e\000r\000a\000l\000i\000z\000a\000t\000i\000o\000n\000s\000\040\000o\000f\000\040\000t\000h\000e\000\040\000s\000c\000i\000e\000n\000t\000i\000f\000i\000c\000\040\000m\000e\000t\000h\000o\000d}{section.11}% 70
\BOOKMARK [2][]{subsection.11.4}{\376\377\000W\000h\000y\000\040\000F\000R\000F\000P\000\040\000a\000m\000o\000n\000g\000\040\000t\000h\000e\000\040\000a\000l\000t\000e\000r\000n\000a\000t\000i\000v\000e\000s}{section.11}% 71
\BOOKMARK [2][]{subsection.11.5}{\376\377\000P\000r\000a\000c\000t\000i\000c\000a\000l\000\040\000r\000e\000a\000d\000i\000n\000g\000\040\000o\000f\000\040\000t\000h\000i\000s\000\040\000c\000o\000m\000p\000a\000r\000i\000s\000o\000n}{section.11}% 72
\BOOKMARK [1][]{section.0.1}{\376\377\000M\000a\000t\000h\000e\000m\000a\000t\000i\000c\000a\000l\000\040\000F\000o\000u\000n\000d\000a\000t\000i\000o\000n\000s}{}% 73
\BOOKMARK [2][]{subsection.0.1}{\376\377\000S\000t\000a\000t\000i\000c\000\040\000E\000p\000i\000s\000t\000e\000m\000i\000c\000\040\000A\000r\000c\000h\000i\000t\000e\000c\000t\000u\000r\000e\000\040\000a\000n\000d\000\040\000A\000l\000g\000e\000b\000r\000a}{section.0.1}% 74
\BOOKMARK [2][]{subsection.0.2}{\376\377\000F\000o\000u\000n\000d\000a\000t\000i\000o\000n\000s}{section.0.1}% 75
\BOOKMARK [3][]{subsubsection.0.2.1}{\376\377\000A\000m\000b\000i\000e\000n\000t\000\040\000C\000a\000t\000e\000g\000o\000r\000y\000\040\000C\000f\000u\000l\000l}{subsection.0.2}% 76
\BOOKMARK [3][]{subsubsection.0.2.2}{\376\377\000M\000o\000d\000a\000l\000\040\000I\000n\000t\000e\000r\000p\000r\000e\000t\000a\000t\000i\000o\000n\000\040\000o\000f\000\040\000E\000x\000p\000l\000i\000c\000i\000t\000\040\000a\000n\000d\000\040\000T\000a\000c\000i\000t\000\040\000K\000n\000o\000w\000l\000e\000d\000g\000e}{subsection.0.2}% 77
\BOOKMARK [3][]{subsubsection.0.2.3}{\376\377\000E\000x\000p\000l\000i\000c\000i\000t\000\040\000C\000a\000t\000e\000g\000o\000r\000y\000\040\000E}{subsection.0.2}% 78
\BOOKMARK [3][]{subsubsection.0.2.4}{\376\377\000T\000a\000c\000i\000t\000\040\000C\000a\000t\000e\000g\000o\000r\000y\000\040\000T}{subsection.0.2}% 79
\BOOKMARK [3][]{subsubsection.0.2.5}{\376\377\000B\000o\000u\000n\000d\000a\000r\000y\000\040\000M\000o\000r\000p\000h\000i\000s\000m\000\040\000a\000n\000d\000\040\000S\000e\000m\000a\000n\000t\000i\000c\000\040\000R\000B\000\040\000F\000u\000n\000c\000t\000o\000r}{subsection.0.2}% 80
\BOOKMARK [3][]{subsubsection.0.2.6}{\376\377\000I\000n\000t\000e\000r\000a\000c\000t\000i\000o\000n\000\040\000P\000r\000o\000t\000o\000c\000o\000l\000s\000\040\000a\000n\000d\000\040\000E\000p\000i\000s\000t\000e\000m\000i\000c\000\040\000S\000p\000a\000c\000e\000s\000\040\000A\000x\000i\000o\000m\000s}{subsection.0.2}% 81
\BOOKMARK [2][]{subsection.0.3}{\376\377\000E\000x\000p\000l\000i\000c\000i\000t\000\040\000A\000l\000g\000e\000b\000r\000a\000\040\000a\000n\000d\000\040\000t\000h\000e\000\040\000T\000a\000s\000k\000\040\000D\000e\000c\000o\000m\000p\000o\000s\000i\000t\000i\000o\000n\000\040\000G\000r\000a\000m\000m\000a\000r}{section.0.1}% 82
\BOOKMARK [3][]{subsubsection.0.3.1}{\376\377\000T\000D\000G\000\040\000S\000i\000g\000n\000a\000t\000u\000r\000e\000\040\000a\000n\000d\000\040\000F\000r\000e\000e\000\040\000C\000a\000t\000e\000g\000o\000r\000y}{subsection.0.3}% 83
\BOOKMARK [3][]{subsubsection.0.3.2}{\376\377\000T\000D\000G\000\040\000G\000r\000a\000m\000m\000a\000r}{subsection.0.3}% 84
\BOOKMARK [3][]{subsubsection.0.3.3}{\376\377\000S\000h\000a\000p\000e\000s\000\040\000a\000n\000d\000\040\000S\000h\000a\000p\000e\000\040\000C\000a\000t\000e\000g\000o\000r\000y}{subsection.0.3}% 85
\BOOKMARK [3][]{subsubsection.0.3.4}{\376\377\000E\000x\000p\000l\000i\000c\000i\000t\000\040\000R\000e\000d\000u\000c\000t\000i\000o\000n\000\040\000S\000y\000s\000t\000e\000m}{subsection.0.3}% 86
\BOOKMARK [2][]{subsection.0.4}{\376\377\000N\000a\000v\000i\000g\000a\000t\000i\000o\000n\000\040\000a\000n\000d\000\040\000S\000h\000a\000p\000e\000s}{section.0.1}% 87
\BOOKMARK [3][]{subsubsection.0.4.1}{\376\377\000N\000a\000v\000i\000g\000a\000t\000i\000o\000n\000\040\000C\000a\000t\000e\000g\000o\000r\000y\000\040\000a\000n\000d\000\040\000G\000r\000o\000u\000p\000o\000i\000d}{subsection.0.4}% 88
\BOOKMARK [3][]{subsubsection.0.4.2}{\376\377\000F\000i\000b\000r\000a\000t\000i\000o\000n\000\040\000p\000\040\000:\000\040\000E\000\040\000S}{subsection.0.4}% 89
\BOOKMARK [2][]{subsection.0.5}{\376\377\000C\000o\000m\000b\000i\000n\000e\000d\000\040\000S\000y\000s\000t\000e\000m\000:\000\040\000G\000r\000o\000t\000h\000e\000n\000d\000i\000e\000c\000k\000\040\000C\000o\000n\000s\000t\000r\000u\000c\000t\000i\000o\000n}{section.0.1}% 90
\BOOKMARK [3][]{subsubsection.0.5.1}{\376\377\000S\000e\000m\000i\000d\000i\000r\000e\000c\000t\000\040\000P\000r\000o\000d\000u\000c\000t\000\040\000N\000\040\042\311\000\040\000E}{subsection.0.5}% 91
\BOOKMARK [3][]{subsubsection.0.5.2}{\376\377\000R\000e\000w\000r\000i\000t\000e\000\040\000S\000y\000s\000t\000e\000m\000\040\000o\000n\000\040\000N\000\040\042\311\000\040\000E}{subsection.0.5}% 92
\BOOKMARK [2][]{subsection.0.6}{\376\377\000S\000e\000m\000a\000n\000t\000i\000c\000s\000\040\000a\000n\000d\000\040\000T\000a\000c\000i\000t\000\040\000C\000o\000r\000r\000e\000c\000t\000n\000e\000s\000s}{section.0.1}% 93
\BOOKMARK [3][]{subsubsection.0.6.1}{\376\377\000S\000e\000m\000a\000n\000t\000i\000c\000\040\000F\000u\000n\000c\000t\000o\000r}{subsection.0.6}% 94
\BOOKMARK [2][]{subsection.0.7}{\376\377\000M\000a\000i\000n\000\040\000T\000h\000e\000o\000r\000e\000m\000s}{section.0.1}% 95
\BOOKMARK [3][]{subsubsection.0.7.1}{\376\377\000W\000e\000l\000l\000-\000F\000o\000r\000m\000e\000d\000n\000e\000s\000s\000\040\000o\000f\000\040\000T\000D\000G\000\040\000P\000i\000p\000e\000l\000i\000n\000e\000s}{subsection.0.7}% 96
\BOOKMARK [3][]{subsubsection.0.7.2}{\376\377\000E\000x\000p\000l\000i\000c\000i\000t\000\040\000C\000o\000m\000p\000l\000e\000t\000e\000n\000e\000s\000s\000\040\000o\000f\000\040\000T\000D\000G}{subsection.0.7}% 97
\BOOKMARK [3][]{subsubsection.0.7.3}{\376\377\000M\000i\000n\000i\000m\000a\000l\000i\000t\000y\000\040\000o\000f\000\040\000P\000r\000i\000m\000i\000t\000i\000v\000e\000\040\000S\000e\000t}{subsection.0.7}% 98
\BOOKMARK [3][]{subsubsection.0.7.4}{\376\377\000E\000p\000i\000s\000t\000e\000m\000i\000c\000\040\000S\000p\000a\000c\000e\000s\000\040\000I\000n\000i\000t\000i\000a\000l\000i\000t\000y}{subsection.0.7}% 99
\BOOKMARK [3][]{subsubsection.0.7.5}{\376\377\000E\000p\000i\000s\000t\000e\000m\000i\000c\000\040\000A\000l\000g\000e\000b\000r\000a\000\040\000C\000a\000n\000o\000n\000i\000c\000a\000l\000i\000t\000y}{subsection.0.7}% 100
\BOOKMARK [3][]{subsubsection.0.7.6}{\376\377\000C\000o\000n\000f\000l\000u\000e\000n\000c\000e\000\040\000o\000f\000\040\000N\000\040\042\311\000\040\000E}{subsection.0.7}% 101
\BOOKMARK [3][]{subsubsection.0.7.7}{\376\377\000S\000e\000m\000a\000n\000t\000i\000c\000\040\000C\000o\000r\000r\000e\000c\000t\000n\000e\000s\000s\000\040\000f\000o\000r\000\040\000E\000p\000i\000s\000t\000e\000m\000i\000c\000\040\000S\000t\000r\000u\000c\000t\000u\000r\000e}{subsection.0.7}% 102
\BOOKMARK [2][]{subsection.0.8}{\376\377\000W\000o\000r\000k\000e\000d\000\040\000e\000x\000a\000m\000p\000l\000e\000:\000\040\000s\000e\000p\000s\000i\000s\000\040\000c\000o\000n\000s\000u\000l\000t\000\040\000a\000s\000\040\000a\000n\000\040\000F\000R\000F\000P\000\040\000p\000i\000p\000e\000l\000i\000n\000e}{section.0.1}% 103
\BOOKMARK [2][]{subsection.0.9}{\376\377\000E\000p\000i\000s\000t\000e\000m\000i\000c\000\040\000D\000y\000n\000a\000m\000i\000c\000s\000\040\000a\000n\000d\000\040\000S\000a\000f\000e\000\040\000H\000o\000r\000i\000z\000o\000n\000s}{section.0.1}% 104
\BOOKMARK [3][]{subsubsection.0.9.1}{\376\377\000P\000u\000r\000p\000o\000s\000e\000\040\000a\000n\000d\000\040\000S\000c\000o\000p\000e}{subsection.0.9}% 105
\BOOKMARK [3][]{subsubsection.0.9.2}{\376\377\000T\000a\000c\000i\000t\000\040\000C\000o\000n\000t\000e\000x\000t\000\040\000S\000p\000a\000c\000e}{subsection.0.9}% 106
\BOOKMARK [3][]{subsubsection.0.9.3}{\376\377\000C\000o\000n\000t\000e\000x\000t\000\040\000D\000e\000g\000r\000a\000d\000a\000t\000i\000o\000n}{subsection.0.9}% 107
\BOOKMARK [3][]{subsubsection.0.9.4}{\376\377\000D\000y\000n\000a\000m\000i\000c\000\040\000I\000n\000t\000e\000r\000p\000r\000e\000t\000a\000t\000i\000o\000n\000\040\000o\000f\000\040\000P\000i\000p\000e\000l\000i\000n\000e\000s}{subsection.0.9}% 108
\BOOKMARK [3][]{subsubsection.0.9.5}{\376\377\000R\000e\000q\000u\000i\000r\000e\000m\000e\000n\000t\000s\000\040\000a\000n\000d\000\040\000H\000a\000l\000l\000u\000c\000i\000n\000a\000t\000i\000o\000n}{subsection.0.9}% 109
\BOOKMARK [3][]{subsubsection.0.9.6}{\376\377\000H\000a\000l\000l\000u\000c\000i\000n\000a\000t\000i\000o\000n\000\040\000I\000n\000e\000v\000i\000t\000a\000b\000i\000l\000i\000t\000y}{subsection.0.9}% 110
\BOOKMARK [3][]{subsubsection.0.9.7}{\376\377\000E\000x\000p\000l\000i\000c\000i\000t\000-\000O\000n\000l\000y\000\040\000H\000a\000l\000l\000u\000c\000i\000n\000a\000t\000i\000o\000n\000s}{subsection.0.9}% 111
\BOOKMARK [3][]{subsubsection.0.9.8}{\376\377\000C\000o\000n\000f\000i\000d\000e\000n\000c\000e\000\040\000I\000n\000f\000l\000a\000t\000i\000o\000n}{subsection.0.9}% 112
\BOOKMARK [3][]{subsubsection.0.9.9}{\376\377\000R\000e\000q\000u\000i\000r\000e\000m\000e\000n\000t\000\040\000E\000s\000c\000a\000l\000a\000t\000i\000o\000n\000\040\000U\000n\000d\000e\000r\000\040\000P\000l\000a\000u\000s\000i\000b\000i\000l\000i\000t\000y}{subsection.0.9}% 113
\BOOKMARK [3][]{subsubsection.0.9.10}{\376\377\000F\000e\000e\000d\000b\000a\000c\000k\000-\000C\000o\000u\000p\000l\000e\000d\000\040\000D\000e\000g\000r\000a\000d\000a\000t\000i\000o\000n}{subsection.0.9}% 114
\BOOKMARK [3][]{subsubsection.0.9.11}{\376\377\000R\000a\000t\000e\000\040\000o\000f\000\040\000C\000o\000n\000t\000e\000x\000t\000\040\000L\000o\000s\000s}{subsection.0.9}% 115
\BOOKMARK [3][]{subsubsection.0.9.12}{\376\377\000A\000c\000c\000e\000l\000e\000r\000a\000t\000e\000d\000\040\000H\000a\000l\000l\000u\000c\000i\000n\000a\000t\000i\000o\000n}{subsection.0.9}% 116
\BOOKMARK [3][]{subsubsection.0.9.13}{\376\377\000A\000c\000c\000e\000l\000e\000r\000a\000t\000e\000d\000\040\000H\000a\000l\000l\000u\000c\000i\000n\000a\000t\000i\000o\000n\000\040\000I\000n\000e\000v\000i\000t\000a\000b\000i\000l\000i\000t\000y}{subsection.0.9}% 117
\BOOKMARK [3][]{subsubsection.0.9.14}{\376\377\000D\000e\000g\000r\000a\000d\000a\000t\000i\000o\000n\040\023\000r\000e\000p\000a\000i\000r\000\040\000d\000y\000n\000a\000m\000i\000c\000s\000\040\000a\000n\000d\000\040\000e\000n\000t\000r\000o\000p\000y\000\040\000d\000r\000i\000f\000t}{subsection.0.9}% 118
\BOOKMARK [3][]{subsubsection.0.9.15}{\376\377\000S\000t\000o\000c\000h\000a\000s\000t\000i\000c\000\040\000P\000i\000p\000e\000l\000i\000n\000e\000s\000\040\000a\000n\000d\000\040\000T\000h\000e\000i\000r\000\040\000I\000m\000p\000a\000c\000t}{subsection.0.9}% 119
\BOOKMARK [3][]{subsubsection.0.9.16}{\376\377\000F\000i\000n\000i\000t\000e\000-\000H\000o\000r\000i\000z\000o\000n\000\040\000P\000i\000p\000e\000l\000i\000n\000e\000s\000\040\000a\000n\000d\000\040\000T\000h\000e\000i\000r\000\040\000I\000m\000p\000a\000c\000t}{subsection.0.9}% 120
\BOOKMARK [2][]{subsection.0.10}{\376\377\000C\000o\000l\000l\000e\000c\000t\000i\000v\000e\000\040\000E\000p\000i\000s\000t\000e\000m\000i\000c\000\040\000D\000y\000n\000a\000m\000i\000c\000s}{section.0.1}% 121
\BOOKMARK [3][]{subsubsection.0.10.1}{\376\377\000\040\000P\000u\000r\000p\000o\000s\000e\000\040\000a\000n\000d\000\040\000S\000c\000o\000p\000e}{subsection.0.10}% 122
\BOOKMARK [3][]{subsubsection.0.10.2}{\376\377\000E\000p\000i\000s\000t\000e\000m\000i\000c\000\040\000A\000g\000e\000n\000t\000s}{subsection.0.10}% 123
\BOOKMARK [3][]{subsubsection.0.10.3}{\376\377\000E\000p\000i\000s\000t\000e\000m\000i\000c\000\040\000P\000o\000p\000u\000l\000a\000t\000i\000o\000n\000s}{subsection.0.10}% 124
\BOOKMARK [3][]{subsubsection.0.10.4}{\376\377\000S\000h\000a\000r\000e\000d\000\040\000E\000x\000p\000l\000i\000c\000i\000t\000\040\000R\000e\000a\000s\000o\000n\000i\000n\000g\000\040\000C\000a\000t\000e\000g\000o\000r\000y}{subsection.0.10}% 125
\BOOKMARK [3][]{subsubsection.0.10.5}{\376\377\000C\000o\000m\000m\000u\000n\000i\000c\000a\000t\000i\000o\000n\000\040\000S\000t\000r\000u\000c\000t\000u\000r\000e}{subsection.0.10}% 126
\BOOKMARK [3][]{subsubsection.0.10.6}{\376\377\000C\000o\000l\000l\000e\000c\000t\000i\000v\000e\000\040\000D\000y\000n\000a\000m\000i\000c\000s\000\040\000a\000s\000\040\000a\000\040\000M\000a\000r\000k\000o\000v\000\040\000S\000y\000s\000t\000e\000m}{subsection.0.10}% 127
\BOOKMARK [3][]{subsubsection.0.10.7}{\376\377\000C\000o\000l\000l\000e\000c\000t\000i\000v\000e\000\040\000H\000a\000l\000l\000u\000c\000i\000n\000a\000t\000i\000o\000n\000\040\000a\000n\000d\000\040\000S\000t\000o\000p\000p\000i\000n\000g\000\040\000T\000i\000m\000e\000s}{subsection.0.10}% 128
\BOOKMARK [3][]{subsubsection.0.10.8}{\376\377\000C\000o\000n\000s\000e\000n\000s\000u\000s\000\040\000a\000s\000\040\000a\000n\000\040\000E\000x\000p\000l\000i\000c\000i\000t\000\040\000F\000u\000n\000c\000t\000o\000r}{subsection.0.10}% 129
\BOOKMARK [3][]{subsubsection.0.10.9}{\376\377\000F\000u\000n\000c\000t\000o\000r\000i\000a\000l\000\040\000C\000o\000n\000s\000e\000n\000s\000u\000s\000\040\000L\000a\000y\000e\000r}{subsection.0.10}% 130
\BOOKMARK [3][]{subsubsection.0.10.10}{\376\377\000T\000a\000c\000i\000t\000-\000S\000t\000a\000b\000i\000l\000i\000t\000y\000\040\000o\000f\000\040\000C\000o\000n\000s\000e\000n\000s\000u\000s}{subsection.0.10}% 131
\BOOKMARK [3][]{subsubsection.0.10.11}{\376\377\000L\000i\000m\000i\000t\000s\000\040\000o\000f\000\040\000A\000u\000t\000o\000m\000a\000t\000e\000d\000\040\000C\000o\000n\000s\000e\000n\000s\000u\000s}{subsection.0.10}% 132
\BOOKMARK [3][]{subsubsection.0.10.12}{\376\377\000C\000o\000l\000l\000e\000c\000t\000i\000v\000e\000\040\000I\000n\000e\000v\000i\000t\000a\000b\000i\000l\000i\000t\000y}{subsection.0.10}% 133
\BOOKMARK [3][]{subsubsection.0.10.13}{\376\377\000S\000t\000r\000u\000c\000t\000u\000r\000a\000l\000\040\000I\000m\000p\000l\000i\000c\000a\000t\000i\000o\000n\000s\000\040\000o\000f\000\040\000C\000o\000l\000l\000e\000c\000t\000i\000v\000e\000\040\000D\000y\000n\000a\000m\000i\000c\000s}{subsection.0.10}% 134
\BOOKMARK [2][]{subsection.0.11}{\376\377\000E\000x\000p\000l\000i\000c\000i\000t\000-\000O\000n\000l\000y\000\040\000I\000m\000p\000o\000s\000s\000i\000b\000i\000l\000i\000t\000y\000\040\000a\000n\000d\000\040\000N\000o\000n\000-\000A\000u\000t\000o\000m\000a\000t\000i\000o\000n}{section.0.1}% 135
\BOOKMARK [3][]{subsubsection.0.11.1}{\376\377\000P\000u\000r\000p\000o\000s\000e\000\040\000a\000n\000d\000\040\000S\000c\000o\000p\000e}{subsection.0.11}% 136
\BOOKMARK [3][]{subsubsection.0.11.2}{\376\377\000S\000t\000a\000n\000d\000i\000n\000g\000\040\000A\000s\000s\000u\000m\000p\000t\000i\000o\000n\000s\000\040\000a\000n\000d\000\040\000N\000o\000t\000a\000t\000i\000o\000n}{subsection.0.11}% 137
\BOOKMARK [3][]{subsubsection.0.11.3}{\376\377\000A\000d\000m\000i\000s\000s\000i\000b\000l\000e\000\040\000R\000u\000n\000s\000\040\000a\000s\000\040\000I\000n\000t\000e\000r\000a\000c\000t\000i\000o\000n\000\040\000P\000r\000o\000t\000o\000c\000o\000l\000\040\000F\000i\000l\000t\000e\000r\000e\000d\000\040\000E\000x\000e\000c\000u\000t\000i\000o\000n\000s\000\040\000i\000n\000\040\000N\000\040\000l\000t\000i\000m\000e\000s\000\040\000E}{subsection.0.11}% 138
\BOOKMARK [3][]{subsubsection.0.11.4}{\376\377\000T\000w\000o\000\040\000N\000o\000t\000i\000o\000n\000s\000\040\000o\000f\000\040\000`\000`\000S\000a\000m\000e\000\040\000E\000x\000p\000l\000i\000c\000i\000t\000\040\000A\000r\000t\000i\000f\000a\000c\000t\000'\000'}{subsection.0.11}% 139
\BOOKMARK [3][]{subsubsection.0.11.5}{\376\377\000T\000a\000c\000i\000t\000\040\000D\000e\000p\000e\000n\000d\000e\000n\000c\000e\000\040\000v\000i\000a\000\040\000g\000a\000m\000m\000a\000\050\000s\000e\000m\000\050\000P\000\051\000\051}{subsection.0.11}% 140
\BOOKMARK [3][]{subsubsection.0.11.6}{\376\377\000S\000c\000h\000e\000m\000a\000\040\000T\000h\000e\000o\000r\000e\000m\000:\000\040\000T\000a\000c\000i\000t\000-\000D\000e\000p\000e\000n\000d\000e\000n\000t\000\040\000G\000u\000a\000r\000a\000n\000t\000e\000e\000s\000\040\000A\000r\000e\000\040\000N\000o\000t\000\040\000E\000x\000p\000l\000i\000c\000i\000t\000-\000I\000m\000p\000l\000e\000m\000e\000n\000t\000a\000b\000l\000e}{subsection.0.11}% 141
\BOOKMARK [3][]{subsubsection.0.11.7}{\376\377\000C\000o\000r\000o\000l\000l\000a\000r\000i\000e\000s\000\040\000\050\000N\000o\000-\000G\000o\000\040\000F\000a\000m\000i\000l\000y\000\051}{subsection.0.11}% 142
\BOOKMARK [3][]{subsubsection.0.11.8}{\376\377\000I\000n\000t\000e\000r\000p\000r\000e\000t\000a\000t\000i\000o\000n\000\040\000a\000n\000d\000\040\000D\000e\000s\000i\000g\000n\000\040\000C\000o\000n\000s\000e\000q\000u\000e\000n\000c\000e\000s}{subsection.0.11}% 143
\BOOKMARK [2][]{subsection.0.12}{\376\377\000I\000n\000s\000t\000i\000t\000u\000t\000i\000o\000n\000a\000l\000\040\000O\000p\000e\000r\000a\000t\000o\000r\000s\000\040\000a\000n\000d\000\040\000A\000g\000g\000r\000e\000g\000a\000t\000i\000o\000n}{section.0.1}% 144
\BOOKMARK [3][]{subsubsection.0.12.1}{\376\377\000P\000u\000r\000p\000o\000s\000e\000\040\000a\000n\000d\000\040\000S\000c\000o\000p\000e}{subsection.0.12}% 145
\BOOKMARK [3][]{subsubsection.0.12.2}{\376\377\000E\000p\000i\000s\000t\000e\000m\000i\000c\000\040\000P\000o\000p\000u\000l\000a\000t\000i\000o\000n\000s}{subsection.0.12}% 146
\BOOKMARK [3][]{subsubsection.0.12.3}{\376\377\000R\000u\000n\000s\000,\000\040\000R\000e\000p\000l\000i\000c\000a\000t\000i\000o\000n\000,\000\040\000a\000n\000d\000\040\000P\000o\000p\000u\000l\000a\000t\000i\000o\000n\000\040\000S\000e\000m\000a\000n\000t\000i\000c\000s}{subsection.0.12}% 147
\BOOKMARK [3][]{subsubsection.0.12.4}{\376\377\000I\000n\000s\000t\000i\000t\000u\000t\000i\000o\000n\000a\000l\000\040\000A\000g\000g\000r\000e\000g\000a\000t\000i\000o\000n\000\040\000O\000p\000e\000r\000a\000t\000o\000r\000s}{subsection.0.12}% 148
\BOOKMARK [3][]{subsubsection.0.12.5}{\376\377\000L\000i\000m\000i\000t\000s\000\040\000o\000f\000\040\000I\000n\000s\000t\000i\000t\000u\000t\000i\000o\000n\000a\000l\000\040\000A\000u\000t\000o\000m\000a\000t\000i\000o\000n\000\040\000\050\000R\000e\000v\000i\000s\000e\000d\000\040\000S\000t\000a\000t\000e\000m\000e\000n\000t\000\051}{subsection.0.12}% 149
\BOOKMARK [3][]{subsubsection.0.12.6}{\376\377\000P\000o\000s\000i\000t\000i\000o\000n\000\040\000i\000n\000\040\000t\000h\000e\000\040\000A\000r\000c\000h\000i\000t\000e\000c\000t\000u\000r\000e}{subsection.0.12}% 150
\BOOKMARK [3][]{subsubsection.0.12.7}{\376\377\000G\000o\000v\000e\000r\000n\000a\000n\000c\000e\000\040\000a\000s\000\040\000a\000\040\000M\000e\000t\000a\000-\000I\000n\000s\000t\000i\000t\000u\000t\000i\000o\000n}{subsection.0.12}% 151
\BOOKMARK [3][]{subsubsection.0.12.8}{\376\377\000L\000i\000n\000k\000\040\000t\000o\000\040\000C\000o\000l\000l\000e\000c\000t\000i\000v\000e\000\040\000E\000p\000i\000s\000t\000e\000m\000i\000c\000\040\000D\000y\000n\000a\000m\000i\000c\000s}{subsection.0.12}% 152
\BOOKMARK [3][]{subsubsection.0.12.9}{\376\377\000L\000a\000w\000\040\000a\000s\000\040\000a\000\040\000C\000o\000n\000s\000t\000r\000a\000i\000n\000t\000\040\000o\000n\000\040\000G\000o\000v\000e\000r\000n\000a\000n\000c\000e}{subsection.0.12}% 153
\BOOKMARK [3][]{subsubsection.0.12.10}{\376\377\000N\000o\000\040\000F\000u\000l\000l\000y\000\040\000A\000u\000t\000o\000m\000a\000t\000e\000d\000\040\000G\000o\000v\000e\000r\000n\000a\000n\000c\000e}{subsection.0.12}% 154
\BOOKMARK [3][]{subsubsection.0.12.11}{\376\377\000H\000u\000m\000a\000n\000\040\000O\000v\000e\000r\000s\000i\000g\000h\000t\000\040\000a\000s\000\040\000a\000\040\000S\000t\000r\000u\000c\000t\000u\000r\000a\000l\000\040\000R\000e\000q\000u\000i\000r\000e\000m\000e\000n\000t}{subsection.0.12}% 155
\BOOKMARK [3][]{subsubsection.0.12.12}{\376\377\000R\000e\000g\000u\000l\000a\000t\000o\000r\000y\000\040\000S\000c\000o\000p\000e}{subsection.0.12}% 156
\BOOKMARK [3][]{subsubsection.0.12.13}{\376\377\000F\000i\000n\000a\000l\000\040\000S\000y\000n\000t\000h\000e\000s\000i\000s}{subsection.0.12}% 157
\BOOKMARK [1][]{section.0.2}{\376\377\000F\000R\000F\000P\000\040\000A\000p\000p\000l\000i\000c\000a\000t\000i\000o\000n\000s}{}% 158
\BOOKMARK [2][]{subsection.0.1}{\376\377\000D\000i\000s\000c\000i\000p\000l\000i\000n\000e\000d\000\040\000A\000g\000e\000n\000t\000s\000\040\000a\000n\000d\000\040\000T\000o\000o\000l\000i\000n\000g}{section.0.2}% 159
\BOOKMARK [2][]{subsection.0.2}{\376\377\000D\000i\000s\000c\000i\000p\000l\000i\000n\000e\000d\000\040\000a\000g\000e\000n\000t\000s\000:\000\040\000i\000n\000f\000o\000r\000m\000a\000l\000\040\000d\000e\000f\000i\000n\000i\000t\000i\000o\000n}{section.0.2}% 160
\BOOKMARK [2][]{subsection.0.3}{\376\377\000C\000o\000r\000e\000\040\000r\000e\000q\000u\000i\000r\000e\000m\000e\000n\000t\000s\000\040\000f\000o\000r\000\040\000d\000i\000s\000c\000i\000p\000l\000i\000n\000e\000d\000\040\000a\000g\000e\000n\000t\000s}{section.0.2}% 161
\BOOKMARK [2][]{subsection.0.4}{\376\377\000T\000o\000o\000l\000i\000n\000g\000\040\000a\000r\000o\000u\000n\000d\000\040\000d\000i\000s\000c\000i\000p\000l\000i\000n\000e\000d\000\040\000a\000g\000e\000n\000t\000s}{section.0.2}% 162
\BOOKMARK [2][]{subsection.0.5}{\376\377\000R\000e\000l\000a\000t\000i\000o\000n\000\040\000t\000o\000\040\000t\000h\000e\000\040\000m\000a\000i\000n\000\040\000t\000e\000x\000t}{section.0.2}% 163
\BOOKMARK [2][]{subsection.0.6}{\376\377\000P\000r\000o\000t\000o\000c\000o\000l\000\040\000T\000e\000m\000p\000l\000a\000t\000e\000s\000\040\000a\000n\000d\000\040\000D\000e\000s\000i\000g\000n\000\040\000P\000a\000t\000t\000e\000r\000n\000s}{section.0.2}% 164
\BOOKMARK [2][]{subsection.0.7}{\376\377\000F\000o\000u\000n\000d\000a\000t\000i\000o\000n\000a\000l\000\040\000R\000u\000l\000e\000s\000\040\000f\000o\000r\000\040\000F\000R\000F\000P\000-\000C\000o\000m\000p\000a\000t\000i\000b\000l\000e\000\040\000P\000r\000a\000c\000t\000i\000c\000e}{section.0.2}% 165
\BOOKMARK [2][]{subsection.0.8}{\376\377\000D\000i\000a\000l\000o\000g\000i\000c\000\040\000R\000e\000p\000r\000o\000d\000u\000c\000i\000b\000i\000l\000i\000t\000y\000\040\000P\000r\000o\000t\000o\000c\000o\000l}{section.0.2}% 166
\BOOKMARK [2][]{subsection.0.9}{\376\377\000C\000l\000o\000s\000u\000r\000e\000\040\000C\000r\000i\000t\000e\000r\000i\000a\000\040\000f\000o\000r\000\040\000L\000o\000n\000g\000-\000H\000o\000r\000i\000z\000o\000n\000\040\000C\000o\000l\000l\000a\000b\000o\000r\000a\000t\000i\000o\000n}{section.0.2}% 167
\BOOKMARK [2][]{subsection.0.10}{\376\377\000I\000l\000l\000u\000s\000t\000r\000a\000t\000i\000v\000e\000\040\000C\000a\000s\000e\000\040\000S\000t\000u\000d\000y\000:\000\040\000S\000t\000r\000e\000s\000s\000-\000T\000e\000s\000t\000i\000n\000g\000\040\000a\000\040\000F\000i\000n\000a\000n\000c\000i\000a\000l\000\040\000S\000t\000r\000a\000t\000e\000g\000y}{section.0.2}% 168
\BOOKMARK [2][]{subsection.0.11}{\376\377\000S\000y\000s\000t\000e\000m\000\040\000I\000n\000s\000t\000r\000u\000c\000t\000i\000o\000n\000s\000\040\000f\000o\000r\000\040\000E\000x\000p\000l\000i\000c\000i\000t\000-\000O\000n\000l\000y\000\040\000A\000I\000\040\000T\000o\000o\000l\000s}{section.0.2}% 169
\BOOKMARK [2][]{subsection.0.12}{\376\377\000R\000o\000l\000e\000\040\000a\000n\000d\000\040\000A\000u\000t\000h\000o\000r\000i\000t\000y\000\040\000D\000e\000c\000l\000a\000r\000a\000t\000i\000o\000n}{section.0.2}% 170
\BOOKMARK [2][]{subsection.0.13}{\376\377\000E\000x\000p\000l\000i\000c\000i\000t\040\023\000T\000a\000c\000i\000t\000\040\000S\000e\000p\000a\000r\000a\000t\000i\000o\000n}{section.0.2}% 171
\BOOKMARK [3][]{subsubsection.0.13.1}{\376\377\000M\000o\000d\000e\000\040\000R\000e\000s\000t\000r\000i\000c\000t\000i\000o\000n}{subsection.0.13}% 172
\BOOKMARK [2][]{subsection.0.14}{\376\377\000B\000o\000u\000n\000d\000a\000r\000y\000\040\000D\000i\000s\000c\000i\000p\000l\000i\000n\000e}{section.0.2}% 173
\BOOKMARK [3][]{subsubsection.0.14.1}{\376\377\000O\000n\000e\000-\000W\000a\000y\000\040\000B\000o\000u\000n\000d\000a\000r\000y}{subsection.0.14}% 174
\BOOKMARK [2][]{subsection.0.15}{\376\377\000P\000h\000a\000s\000e\040\023\0000\000\040\000I\000n\000t\000e\000r\000a\000c\000t\000i\000o\000n\000\040\000C\000o\000n\000s\000t\000r\000a\000i\000n\000t\000s}{section.0.2}% 175
\BOOKMARK [3][]{subsubsection.0.15.1}{\376\377\000I\000n\000t\000e\000n\000t\000\040\000L\000o\000c\000k\000i\000n\000g}{subsection.0.15}% 176
\BOOKMARK [3][]{subsubsection.0.15.2}{\376\377\000A\000m\000b\000i\000g\000u\000i\000t\000y\000\040\000R\000e\000s\000o\000l\000u\000t\000i\000o\000n}{subsection.0.15}% 177
\BOOKMARK [3][]{subsubsection.0.15.3}{\376\377\000M\000o\000d\000e\000\040\000D\000i\000s\000c\000i\000p\000l\000i\000n\000e}{subsection.0.15}% 178
\BOOKMARK [2][]{subsection.0.16}{\376\377\000E\000x\000p\000l\000i\000c\000i\000t\000\040\000A\000l\000g\000e\000b\000r\000a\000\040\000D\000i\000s\000c\000i\000p\000l\000i\000n\000e}{section.0.2}% 179
\BOOKMARK [3][]{subsubsection.0.16.1}{\376\377\000E\000x\000p\000l\000i\000c\000i\000t\000\040\000P\000i\000p\000e\000l\000i\000n\000e\000\040\000F\000o\000r\000m}{subsection.0.16}% 180
\BOOKMARK [3][]{subsubsection.0.16.2}{\376\377\000\040\000N\000a\000v\000i\000g\000a\000t\000i\000o\000n\000\040\000N\000e\000u\000t\000r\000a\000l\000i\000t\000y}{subsection.0.16}% 181
\BOOKMARK [2][]{subsection.0.17}{\376\377\000C\000a\000n\000o\000n\000i\000c\000a\000l\000\040\000O\000r\000d\000e\000r\000i\000n\000g\000\040\000R\000u\000l\000e}{section.0.2}% 182
\BOOKMARK [2][]{subsection.0.18}{\376\377\000C\000o\000r\000r\000e\000c\000t\000n\000e\000s\000s\000\040\000N\000o\000n\000-\000I\000n\000t\000e\000r\000f\000e\000r\000e\000n\000c\000e}{section.0.2}% 183
\BOOKMARK [2][]{subsection.0.19}{\376\377\000H\000a\000l\000l\000u\000c\000i\000n\000a\000t\000i\000o\000n\000\040\000S\000a\000f\000e\000t\000y\000\040\000P\000o\000s\000t\000u\000r\000e}{section.0.2}% 184
\BOOKMARK [2][]{subsection.0.20}{\376\377\000P\000r\000o\000h\000i\000b\000i\000t\000e\000d\000\040\000L\000a\000n\000g\000u\000a\000g\000e}{section.0.2}% 185
\BOOKMARK [2][]{subsection.0.21}{\376\377\000T\000e\000r\000m\000i\000n\000a\000t\000i\000o\000n\000\040\000R\000u\000l\000e}{section.0.2}% 186
\BOOKMARK [2][]{subsection.0.22}{\376\377\000M\000e\000t\000a\000-\000C\000o\000m\000p\000l\000i\000a\000n\000c\000e\000\040\000C\000l\000a\000u\000s\000e}{section.0.2}% 187
\BOOKMARK [2][]{subsection.0.23}{\376\377\000F\000R\000F\000P\000-\000A\000w\000a\000r\000e\000\040\000P\000r\000o\000m\000p\000t\000i\000n\000g\000\040\000P\000a\000t\000t\000e\000r\000n\000s}{section.0.2}% 188
\BOOKMARK [2][]{subsection.0.24}{\376\377\000F\000R\000F\000P\000\040\000k\000n\000o\000b\000s\000\040\000t\000h\000a\000t\000\040\000p\000r\000o\000m\000p\000t\000s\000\040\000c\000a\000n\000\040\000t\000o\000u\000c\000h}{section.0.2}% 189
\BOOKMARK [2][]{subsection.0.25}{\376\377\000T\000h\000e\000\040\000I\000n\000c\000e\000n\000t\000i\000v\000e\000\040\000P\000r\000o\000m\000p\000t}{section.0.2}% 190
\BOOKMARK [2][]{subsection.0.26}{\376\377\000T\000h\000e\000\040\000C\000h\000a\000l\000l\000e\000n\000g\000e\000\040\000P\000r\000o\000m\000p\000t}{section.0.2}% 191
\BOOKMARK [2][]{subsection.0.27}{\376\377\000T\000h\000e\000\040\000`\000`\000D\000e\000e\000p\000\040\000B\000r\000e\000a\000t\000h\000'\000'\000\040\000P\000r\000o\000m\000p\000t}{section.0.2}% 192
\BOOKMARK [2][]{subsection.0.28}{\376\377\000T\000h\000e\000\040\000`\000`\000S\000t\000a\000k\000e\000s\000'\000'\000\040\000P\000r\000o\000m\000p\000t}{section.0.2}% 193
\BOOKMARK [2][]{subsection.0.29}{\376\377\000T\000h\000e\000\040\000S\000e\000l\000f\000-\000C\000h\000e\000c\000k\000\040\000P\000r\000o\000m\000p\000t}{section.0.2}% 194
\BOOKMARK [2][]{subsection.0.30}{\376\377\000L\000i\000m\000i\000t\000a\000t\000i\000o\000n\000s\000\040\000a\000n\000d\000\040\000S\000t\000r\000u\000c\000t\000u\000r\000a\000l\000\040\000P\000e\000r\000s\000p\000e\000c\000t\000i\000v\000e}{section.0.2}% 195
\BOOKMARK [1][]{section.0.3}{\376\377\000C\000a\000s\000e\000\040\000S\000t\000u\000d\000i\000e\000s}{}% 196
\BOOKMARK [2][]{subsection.0.1}{\376\377\000C\000a\000s\000e\000\040\000S\000t\000u\000d\000y\000:\000\040\000I\000C\000U\000\040\000S\000e\000p\000s\000i\000s\000\040\000P\000r\000e\000d\000i\000c\000t\000i\000o\000n\000\040\000L\000i\000t\000e\000r\000a\000t\000u\000r\000e\000\040\000R\000e\000v\000i\000e\000w}{section.0.3}% 197
\BOOKMARK [2][]{subsection.0.2}{\376\377\000C\000a\000s\000e\000\040\000S\000t\000u\000d\000y\000:\000\040\000F\000i\000n\000a\000n\000c\000i\000a\000l\000\040\000S\000c\000e\000n\000a\000r\000i\000o\000\040\000A\000n\000a\000l\000y\000s\000i\000s\000\040\000a\000n\000d\000\040\000S\000t\000r\000e\000s\000s\000\040\000T\000e\000s\000t\000i\000n\000g}{section.0.3}% 198
\BOOKMARK [1][]{section.0.4}{\376\377\000B\000a\000c\000k\000g\000r\000o\000u\000n\000d\000\040\000o\000n\000\040\000E\000x\000p\000l\000i\000c\000i\000t\000/\000T\000a\000c\000i\000t\000\040\000K\000n\000o\000w\000l\000e\000d\000g\000e\000\040\000a\000n\000d\000\040\000H\000u\000m\000a\000n\000\040\000O\000v\000e\000r\000s\000i\000g\000h\000t}{}% 199
\BOOKMARK [2][]{subsection.0.1}{\376\377\000E\000x\000p\000l\000i\000c\000i\000t\000\040\000a\000n\000d\000\040\000T\000a\000c\000i\000t\000\040\000K\000n\000o\000w\000l\000e\000d\000g\000e\000\040\000i\000n\000\040\000E\000p\000i\000s\000t\000e\000m\000o\000l\000o\000g\000y}{section.0.4}% 200
\BOOKMARK [2][]{subsection.0.2}{\376\377\000E\000x\000p\000l\000i\000c\000i\000t\000\040\000a\000n\000d\000\040\000T\000a\000c\000i\000t\000\040\000K\000n\000o\000w\000l\000e\000d\000g\000e\000\040\000i\000n\000\040\000O\000r\000g\000a\000n\000i\000s\000a\000t\000i\000o\000n\000s}{section.0.4}% 201
\BOOKMARK [2][]{subsection.0.3}{\376\377\000M\000e\000a\000s\000u\000r\000i\000n\000g\000\040\000a\000n\000d\000\040\000E\000x\000t\000e\000r\000n\000a\000l\000i\000s\000i\000n\000g\000\040\000T\000a\000c\000i\000t\000\040\000K\000n\000o\000w\000l\000e\000d\000g\000e}{section.0.4}% 202
\BOOKMARK [2][]{subsection.0.4}{\376\377\000T\000a\000c\000i\000t\000\040\000S\000p\000a\000c\000e\000\040\000i\000n\000\040\000E\000x\000p\000l\000i\000c\000i\000t\000-\000C\000o\000r\000r\000e\000c\000t\000n\000e\000s\000s\000\040\000R\000e\000g\000i\000m\000e\000s}{section.0.4}% 203
\BOOKMARK [2][]{subsection.0.5}{\376\377\000H\000u\000m\000a\000n\000\040\000O\000v\000e\000r\000s\000i\000g\000h\000t\000\040\000i\000n\000\040\000A\000I\000\040\000L\000a\000w\000\040\000a\000n\000d\000\040\000P\000o\000l\000i\000c\000y}{section.0.4}% 204
\BOOKMARK [2][]{subsection.0.6}{\376\377\000H\000u\000m\000a\000n\040\023\000A\000I\000\040\000I\000n\000t\000e\000r\000a\000c\000t\000i\000o\000n\000\040\000a\000n\000d\000\040\000D\000e\000c\000i\000s\000i\000o\000n\000\040\000S\000u\000p\000p\000o\000r\000t}{section.0.4}% 205
\BOOKMARK [2][]{subsection.0.7}{\376\377\000S\000u\000m\000m\000a\000r\000y}{section.0.4}% 206
\BOOKMARK [1][]{section.0.5}{\376\377\000R\000e\000f\000e\000r\000e\000n\000c\000e\000s}{}% 207
